[rank: 2] Seed set to 2025
[rank: 0] Seed set to 2025
[rank: 3] Seed set to 2025
[rank: 1] Seed set to 2025
Using bfloat16 Automatic Mixed Precision (AMP)
GPU available: True (cuda), used: True
TPU available: False, using: 0 TPU cores
HPU available: False, using: 0 HPUs
Initializing distributed: GLOBAL_RANK: 3, MEMBER: 4/4
Initializing distributed: GLOBAL_RANK: 2, MEMBER: 3/4
Initializing distributed: GLOBAL_RANK: 1, MEMBER: 2/4
Initializing distributed: GLOBAL_RANK: 0, MEMBER: 1/4
----------------------------------------------------------------------------------------------------
distributed_backend=nccl
All distributed processes registered. Starting with 4 processes
----------------------------------------------------------------------------------------------------

wandb: Currently logged in as: mgrakotomanga (mgrakotomanga-university-of-leeds) to https://api.wandb.ai. Use `wandb login --relogin` to force relogin
wandb: Tracking run with wandb version 0.20.1
wandb: Run data is saved locally in ./wandb/run-20251022_170847-qb4sfcdc
wandb: Run `wandb offline` to turn off syncing.
wandb: Syncing run t1-seed2025
wandb: ⭐️ View project at https://wandb.ai/mgrakotomanga-university-of-leeds/zambia-multiscale-hybrid-sharp
wandb: 🚀 View run at https://wandb.ai/mgrakotomanga-university-of-leeds/zambia-multiscale-hybrid-sharp/runs/qb4sfcdc
LOCAL_RANK: 0 - CUDA_VISIBLE_DEVICES: [0,1,2,3]
LOCAL_RANK: 2 - CUDA_VISIBLE_DEVICES: [0,1,2,3]
LOCAL_RANK: 1 - CUDA_VISIBLE_DEVICES: [0,1,2,3]
LOCAL_RANK: 3 - CUDA_VISIBLE_DEVICES: [0,1,2,3]

  | Name         | Type                 | Params | Mode 
--------------------------------------------------------------
0 | in_proj      | Sequential           | 1.4 K  | train
1 | transformer  | TransformerEncoder   | 793 K  | train
2 | global_proj  | Linear               | 640    | train
3 | map_proj     | Linear               | 4.2 M  | train
4 | decoder      | SmoothDecoder        | 682 K  | train
5 | criterion    | MultiScaleHybridLoss | 0      | train
6 | val_auc      | BinaryAUROC          | 0      | train
  | other params | n/a                  | 1      | n/a  
--------------------------------------------------------------
5.7 M     Trainable params
0         Non-trainable params
5.7 M     Total params
22.821    Total estimated model params size (MB)
78        Modules in train mode
0         Modules in eval mode
[rank: 3] Metric val_fss_9 improved. New best score: 0.181
[rank: 1] Metric val_fss_9 improved. New best score: 0.181
[rank: 2] Metric val_fss_9 improved. New best score: 0.181
[rank: 0] Metric val_fss_9 improved. New best score: 0.181
Epoch 0, global step 595: 'val_fss_9' reached 0.18118 (best 0.18118), saving model to '/gws/nopw/j04/wiser_ewsa/mrakotomanga/Intercomparison/checkpoints/ensemble_multiscale_many/sharp/t1/seed2025/best-core2map.ckpt' as top 1
[rank: 3] Metric val_fss_9 improved by 0.053 >= min_delta = 0.001. New best score: 0.234
[rank: 0] Metric val_fss_9 improved by 0.053 >= min_delta = 0.001. New best score: 0.234
[rank: 2] Metric val_fss_9 improved by 0.053 >= min_delta = 0.001. New best score: 0.234
[rank: 1] Metric val_fss_9 improved by 0.053 >= min_delta = 0.001. New best score: 0.234
Epoch 1, global step 1190: 'val_fss_9' reached 0.23448 (best 0.23448), saving model to '/gws/nopw/j04/wiser_ewsa/mrakotomanga/Intercomparison/checkpoints/ensemble_multiscale_many/sharp/t1/seed2025/best-core2map.ckpt' as top 1
[rank: 2] Metric val_fss_9 improved by 0.006 >= min_delta = 0.001. New best score: 0.241
[rank: 0] Metric val_fss_9 improved by 0.006 >= min_delta = 0.001. New best score: 0.241
[rank: 1] Metric val_fss_9 improved by 0.006 >= min_delta = 0.001. New best score: 0.241
[rank: 3] Metric val_fss_9 improved by 0.006 >= min_delta = 0.001. New best score: 0.241
Epoch 2, global step 1785: 'val_fss_9' reached 0.24066 (best 0.24066), saving model to '/gws/nopw/j04/wiser_ewsa/mrakotomanga/Intercomparison/checkpoints/ensemble_multiscale_many/sharp/t1/seed2025/best-core2map.ckpt' as top 1
[rank: 2] Metric val_fss_9 improved by 0.024 >= min_delta = 0.001. New best score: 0.264
[rank: 1] Metric val_fss_9 improved by 0.024 >= min_delta = 0.001. New best score: 0.264
[rank: 3] Metric val_fss_9 improved by 0.024 >= min_delta = 0.001. New best score: 0.264
[rank: 0] Metric val_fss_9 improved by 0.024 >= min_delta = 0.001. New best score: 0.264
Epoch 3, global step 2380: 'val_fss_9' reached 0.26442 (best 0.26442), saving model to '/gws/nopw/j04/wiser_ewsa/mrakotomanga/Intercomparison/checkpoints/ensemble_multiscale_many/sharp/t1/seed2025/best-core2map.ckpt' as top 1
Epoch 4, global step 2975: 'val_fss_9' was not in top 1
[rank: 3] Metric val_fss_9 improved by 0.005 >= min_delta = 0.001. New best score: 0.269
[rank: 2] Metric val_fss_9 improved by 0.005 >= min_delta = 0.001. New best score: 0.269
[rank: 0] Metric val_fss_9 improved by 0.005 >= min_delta = 0.001. New best score: 0.269
[rank: 1] Metric val_fss_9 improved by 0.005 >= min_delta = 0.001. New best score: 0.269
Epoch 5, global step 3570: 'val_fss_9' reached 0.26930 (best 0.26930), saving model to '/gws/nopw/j04/wiser_ewsa/mrakotomanga/Intercomparison/checkpoints/ensemble_multiscale_many/sharp/t1/seed2025/best-core2map.ckpt' as top 1
[rank: 1] Metric val_fss_9 improved by 0.018 >= min_delta = 0.001. New best score: 0.287
[rank: 2] Metric val_fss_9 improved by 0.018 >= min_delta = 0.001. New best score: 0.287
[rank: 0] Metric val_fss_9 improved by 0.018 >= min_delta = 0.001. New best score: 0.287
[rank: 3] Metric val_fss_9 improved by 0.018 >= min_delta = 0.001. New best score: 0.287
Epoch 6, global step 4165: 'val_fss_9' reached 0.28741 (best 0.28741), saving model to '/gws/nopw/j04/wiser_ewsa/mrakotomanga/Intercomparison/checkpoints/ensemble_multiscale_many/sharp/t1/seed2025/best-core2map.ckpt' as top 1
[rank: 3] Metric val_fss_9 improved by 0.002 >= min_delta = 0.001. New best score: 0.289
[rank: 2] Metric val_fss_9 improved by 0.002 >= min_delta = 0.001. New best score: 0.289
[rank: 1] Metric val_fss_9 improved by 0.002 >= min_delta = 0.001. New best score: 0.289
[rank: 0] Metric val_fss_9 improved by 0.002 >= min_delta = 0.001. New best score: 0.289
Epoch 7, global step 4760: 'val_fss_9' reached 0.28942 (best 0.28942), saving model to '/gws/nopw/j04/wiser_ewsa/mrakotomanga/Intercomparison/checkpoints/ensemble_multiscale_many/sharp/t1/seed2025/best-core2map.ckpt' as top 1
Epoch 8, global step 5355: 'val_fss_9' was not in top 1
[rank: 2] Metric val_fss_9 improved by 0.005 >= min_delta = 0.001. New best score: 0.294
[rank: 3] Metric val_fss_9 improved by 0.005 >= min_delta = 0.001. New best score: 0.294
[rank: 1] Metric val_fss_9 improved by 0.005 >= min_delta = 0.001. New best score: 0.294
[rank: 0] Metric val_fss_9 improved by 0.005 >= min_delta = 0.001. New best score: 0.294
Epoch 9, global step 5950: 'val_fss_9' reached 0.29449 (best 0.29449), saving model to '/gws/nopw/j04/wiser_ewsa/mrakotomanga/Intercomparison/checkpoints/ensemble_multiscale_many/sharp/t1/seed2025/best-core2map.ckpt' as top 1
[rank: 2] Metric val_fss_9 improved by 0.004 >= min_delta = 0.001. New best score: 0.299
[rank: 0] Metric val_fss_9 improved by 0.004 >= min_delta = 0.001. New best score: 0.299
[rank: 1] Metric val_fss_9 improved by 0.004 >= min_delta = 0.001. New best score: 0.299
[rank: 3] Metric val_fss_9 improved by 0.004 >= min_delta = 0.001. New best score: 0.299
Epoch 10, global step 6545: 'val_fss_9' reached 0.29895 (best 0.29895), saving model to '/gws/nopw/j04/wiser_ewsa/mrakotomanga/Intercomparison/checkpoints/ensemble_multiscale_many/sharp/t1/seed2025/best-core2map.ckpt' as top 1
Epoch 11, global step 7140: 'val_fss_9' was not in top 1
Epoch 12, global step 7735: 'val_fss_9' was not in top 1
Epoch 13, global step 8330: 'val_fss_9' was not in top 1
Epoch 14, global step 8925: 'val_fss_9' was not in top 1
[rank: 3] Metric val_fss_9 improved by 0.003 >= min_delta = 0.001. New best score: 0.302
[rank: 2] Metric val_fss_9 improved by 0.003 >= min_delta = 0.001. New best score: 0.302
[rank: 0] Metric val_fss_9 improved by 0.003 >= min_delta = 0.001. New best score: 0.302
[rank: 1] Metric val_fss_9 improved by 0.003 >= min_delta = 0.001. New best score: 0.302
Epoch 15, global step 9520: 'val_fss_9' reached 0.30189 (best 0.30189), saving model to '/gws/nopw/j04/wiser_ewsa/mrakotomanga/Intercomparison/checkpoints/ensemble_multiscale_many/sharp/t1/seed2025/best-core2map.ckpt' as top 1
[rank: 3] Metric val_fss_9 improved by 0.010 >= min_delta = 0.001. New best score: 0.312
[rank: 1] Metric val_fss_9 improved by 0.010 >= min_delta = 0.001. New best score: 0.312
[rank: 0] Metric val_fss_9 improved by 0.010 >= min_delta = 0.001. New best score: 0.312
[rank: 2] Metric val_fss_9 improved by 0.010 >= min_delta = 0.001. New best score: 0.312
Epoch 16, global step 10115: 'val_fss_9' reached 0.31233 (best 0.31233), saving model to '/gws/nopw/j04/wiser_ewsa/mrakotomanga/Intercomparison/checkpoints/ensemble_multiscale_many/sharp/t1/seed2025/best-core2map.ckpt' as top 1
Epoch 17, global step 10710: 'val_fss_9' was not in top 1
Epoch 18, global step 11305: 'val_fss_9' was not in top 1
Epoch 19, global step 11900: 'val_fss_9' was not in top 1
Epoch 20, global step 12495: 'val_fss_9' was not in top 1
[rank: 1] Monitored metric val_fss_9 did not improve in the last 5 records. Best score: 0.312. Signaling Trainer to stop.
[rank: 0] Monitored metric val_fss_9 did not improve in the last 5 records. Best score: 0.312. Signaling Trainer to stop.
[rank: 2] Monitored metric val_fss_9 did not improve in the last 5 records. Best score: 0.312. Signaling Trainer to stop.
[rank: 3] Monitored metric val_fss_9 did not improve in the last 5 records. Best score: 0.312. Signaling Trainer to stop.
Epoch 21, global step 13090: 'val_fss_9' was not in top 1
